[33mThe CJS build of Vite's Node API is deprecated. See https://vite.dev/guide/troubleshooting.html#vite-cjs-node-api-deprecated for more details.[39m
[baseline-browser-mapping] The data in this module is over two months old.  To ensure accurate Baseline data, please update: `npm i baseline-browser-mapping@latest -D`
[2m23:23:12[22m [31m[1m[vite][22m[39m [31mInternal server error: C:\BotVisasEstudio\frontend\src\components\DashboardInversionista.jsx: 'return' outside of function. (365:2)

[0m [90m 363 |[31m   }
 [90m 364 |[31m
[31m[1m>[22m[31m[90m 365 |[31m   [36mreturn[31m (
 [90m     |[31m   [31m[1m^[22m[31m
 [90m 366 |[31m     [33m<[31m[33mdiv[31m className[33m=[31m[32m"platform-page"[31m[33m>[31m
 [90m 367 |[31m       [33m<[31m[33mdiv[31m className[33m=[31m[32m"platform-card"[31m[33m>[31m
 [90m 368 |[31m         [33m<[31m[33mdiv[31m className[33m=[31m[32m"platform-header"[31m[33m>[31m[0m[39m
  Plugin: [35mvite:react-babel[39m
  File: [36mC:/BotVisasEstudio/frontend/src/components/DashboardInversionista.jsx[39m:365:2
[33m  373|            <div className="platform-actions">
  374|              <button className="secondary-btn" onClick={() => {
  375|                setShowChatModal(true)
     |     ^
  376|                // Marcar mensajes del admin como leídos
  377|                const stored = readStorage('capital_trade_mensajes', [])[39m
      at constructor (C:\BotVisasEstudio\frontend\node_modules\@babel\parser\lib\index.js:367:19)
      at JSXParserMixin.raise (C:\BotVisasEstudio\frontend\node_modules\@babel\parser\lib\index.js:6624:19)
      at JSXParserMixin.parseReturnStatement (C:\BotVisasEstudio\frontend\node_modules\@babel\parser\lib\index.js:13212:12)
      at JSXParserMixin.parseStatementContent (C:\BotVisasEstudio\frontend\node_modules\@babel\parser\lib\index.js:12874:21)
      at JSXParserMixin.parseStatementLike (C:\BotVisasEstudio\frontend\node_modules\@babel\parser\lib\index.js:12843:17)
      at JSXParserMixin.parseModuleItem (C:\BotVisasEstudio\frontend\node_modules\@babel\parser\lib\index.js:12820:17)
      at JSXParserMixin.parseBlockOrModuleBlockBody (C:\BotVisasEstudio\frontend\node_modules\@babel\parser\lib\index.js:13392:36)
      at JSXParserMixin.parseBlockBody (C:\BotVisasEstudio\frontend\node_modules\@babel\parser\lib\index.js:13385:10)
      at JSXParserMixin.parseProgram (C:\BotVisasEstudio\frontend\node_modules\@babel\parser\lib\index.js:12698:10)
      at JSXParserMixin.parseTopLevel (C:\BotVisasEstudio\frontend\node_modules\@babel\parser\lib\index.js:12688:25)
      at JSXParserMixin.parse (C:\BotVisasEstudio\frontend\node_modules\@babel\parser\lib\index.js:14568:25)
      at parse (C:\BotVisasEstudio\frontend\node_modules\@babel\parser\lib\index.js:14602:38)
      at parser (C:\BotVisasEstudio\frontend\node_modules\@babel\core\lib\parser\index.js:41:34)
      at parser.next (<anonymous>)
      at normalizeFile (C:\BotVisasEstudio\frontend\node_modules\@babel\core\lib\transformation\normalize-file.js:64:37)
      at normalizeFile.next (<anonymous>)
      at run (C:\BotVisasEstudio\frontend\node_modules\@babel\core\lib\transformation\index.js:22:50)
      at run.next (<anonymous>)
      at transform (C:\BotVisasEstudio\frontend\node_modules\@babel\core\lib\transform.js:22:33)
      at transform.next (<anonymous>)
      at step (C:\BotVisasEstudio\frontend\node_modules\gensync\index.js:261:32)
      at C:\BotVisasEstudio\frontend\node_modules\gensync\index.js:273:13
      at async.call.result.err.err (C:\BotVisasEstudio\frontend\node_modules\gensync\index.js:223:11)
      at C:\BotVisasEstudio\frontend\node_modules\gensync\index.js:189:28
      at C:\BotVisasEstudio\frontend\node_modules\@babel\core\lib\gensync-utils\async.js:67:7
      at C:\BotVisasEstudio\frontend\node_modules\gensync\index.js:113:33
      at step (C:\BotVisasEstudio\frontend\node_modules\gensync\index.js:287:14)
      at C:\BotVisasEstudio\frontend\node_modules\gensync\index.js:273:13
      at async.call.result.err.err (C:\BotVisasEstudio\frontend\node_modules\gensync\index.js:223:11)
[2m23:23:12[22m [31m[1m[vite][22m[39m [31mInternal server error: C:\BotVisasEstudio\frontend\src\components\DashboardInversionista.jsx: 'return' outside of function. (365:2)

[0m [90m 363 |[31m   }
 [90m 364 |[31m
[31m[1m>[22m[31m[90m 365 |[31m   [36mreturn[31m (
 [90m     |[31m   [31m[1m^[22m[31m
 [90m 366 |[31m     [33m<[31m[33mdiv[31m className[33m=[31m[32m"platform-page"[31m[33m>[31m
 [90m 367 |[31m       [33m<[31m[33mdiv[31m className[33m=[31m[32m"platform-card"[31m[33m>[31m
 [90m 368 |[31m         [33m<[31m[33mdiv[31m className[33m=[31m[32m"platform-header"[31m[33m>[31m[0m[39m
  Plugin: [35mvite:react-babel[39m
  File: [36mC:/BotVisasEstudio/frontend/src/components/DashboardInversionista.jsx[39m:365:2
[33m  373|            <div className="platform-actions">
  374|              <button className="secondary-btn" onClick={() => {
  375|                setShowChatModal(true)
     |     ^
  376|                // Marcar mensajes del admin como leídos
  377|                const stored = readStorage('capital_trade_mensajes', [])[39m
      at constructor (C:\BotVisasEstudio\frontend\node_modules\@babel\parser\lib\index.js:367:19)
      at JSXParserMixin.raise (C:\BotVisasEstudio\frontend\node_modules\@babel\parser\lib\index.js:6624:19)
      at JSXParserMixin.parseReturnStatement (C:\BotVisasEstudio\frontend\node_modules\@babel\parser\lib\index.js:13212:12)
      at JSXParserMixin.parseStatementContent (C:\BotVisasEstudio\frontend\node_modules\@babel\parser\lib\index.js:12874:21)
      at JSXParserMixin.parseStatementLike (C:\BotVisasEstudio\frontend\node_modules\@babel\parser\lib\index.js:12843:17)
      at JSXParserMixin.parseModuleItem (C:\BotVisasEstudio\frontend\node_modules\@babel\parser\lib\index.js:12820:17)
      at JSXParserMixin.parseBlockOrModuleBlockBody (C:\BotVisasEstudio\frontend\node_modules\@babel\parser\lib\index.js:13392:36)
      at JSXParserMixin.parseBlockBody (C:\BotVisasEstudio\frontend\node_modules\@babel\parser\lib\index.js:13385:10)
      at JSXParserMixin.parseProgram (C:\BotVisasEstudio\frontend\node_modules\@babel\parser\lib\index.js:12698:10)
      at JSXParserMixin.parseTopLevel (C:\BotVisasEstudio\frontend\node_modules\@babel\parser\lib\index.js:12688:25)
      at JSXParserMixin.parse (C:\BotVisasEstudio\frontend\node_modules\@babel\parser\lib\index.js:14568:25)
      at parse (C:\BotVisasEstudio\frontend\node_modules\@babel\parser\lib\index.js:14602:38)
      at parser (C:\BotVisasEstudio\frontend\node_modules\@babel\core\lib\parser\index.js:41:34)
      at parser.next (<anonymous>)
      at normalizeFile (C:\BotVisasEstudio\frontend\node_modules\@babel\core\lib\transformation\normalize-file.js:64:37)
      at normalizeFile.next (<anonymous>)
      at run (C:\BotVisasEstudio\frontend\node_modules\@babel\core\lib\transformation\index.js:22:50)
      at run.next (<anonymous>)
      at transform (C:\BotVisasEstudio\frontend\node_modules\@babel\core\lib\transform.js:22:33)
      at transform.next (<anonymous>)
      at step (C:\BotVisasEstudio\frontend\node_modules\gensync\index.js:261:32)
      at C:\BotVisasEstudio\frontend\node_modules\gensync\index.js:273:13
      at async.call.result.err.err (C:\BotVisasEstudio\frontend\node_modules\gensync\index.js:223:11)
      at C:\BotVisasEstudio\frontend\node_modules\gensync\index.js:189:28
      at C:\BotVisasEstudio\frontend\node_modules\@babel\core\lib\gensync-utils\async.js:67:7
      at C:\BotVisasEstudio\frontend\node_modules\gensync\index.js:113:33
      at step (C:\BotVisasEstudio\frontend\node_modules\gensync\index.js:287:14)
      at C:\BotVisasEstudio\frontend\node_modules\gensync\index.js:273:13
      at async.call.result.err.err (C:\BotVisasEstudio\frontend\node_modules\gensync\index.js:223:11)
^C